{
    "TraceMetadata": {
        "AreClientArraysEnabled": true,
        "BinaryDataFileName": "CapturedTest_MultiFrame_ES3_Vulkan.angledata",
        "CaptureRevision": 21252,
        "ConfigAlphaBits": 8,
        "ConfigBlueBits": 8,
        "ConfigDepthBits": 24,
        "ConfigGreenBits": 8,
        "ConfigRedBits": 8,
        "ConfigStencilBits": 8,
        "ContextClientMajorVersion": 3,
        "ContextClientMinorVersion": 0,
        "DisplayDeviceType": "0x320A",
        "DisplayPlatformType": "0x3450",
        "DrawSurfaceColorSpace": "0x308A",
        "DrawSurfaceHeight": 128,
        "DrawSurfaceWidth": 128,
        "FrameEnd": 4,
        "FrameStart": 1,
        "IsBinaryDataCompressed": false,
        "IsBindGeneratesResourcesEnabled": true,
        "IsRobustResourceInitEnabled": true,
        "IsTrimmingEnabled": true,
        "IsWebGLCompatibilityEnabled": false,
        "MaxAccessedResourceIDs": {
            "Buffer": 1,
            "Context": 1,
            "FenceNV": 0,
            "Framebuffer": 2,
            "Image": 0,
            "MemoryObject": 0,
            "ProgramPipeline": 0,
            "Query": 0,
            "Renderbuffer": 0,
            "Sampler": 0,
            "Semaphore": 0,
            "ShaderProgram": 3,
            "Surface": 1,
            "Sync": 0,
            "Texture": 0,
            "TransformFeedback": 0,
            "VertexArray": 0,
            "egl_Sync": 0
        },
        "MaxClientArraySize": 0,
        "ReadBufferSize": 32,
        "ResourceIDBufferSize": 2
    },
    "TraceFiles": [
        "CapturedTest_MultiFrame_ES3_Vulkan.cpp",
        "CapturedTest_MultiFrame_ES3_Vulkan.h",
        "CapturedTest_MultiFrame_ES3_Vulkan_001.cpp"
    ],
    "WindowSurfaceContextID": 1
}